2026-05-01T16:52:27.814856Z  INFO tailwindcss_oxide::scanner: Provided sources:
2026-05-01T16:52:27.815279Z  INFO tailwindcss_oxide::scanner: Source: PublicSourceEntry { base: "/Users/olya/Documents/next/course-platform", pattern: "**/*", negated: false }
2026-05-01T16:52:27.815614Z  INFO tailwindcss_oxide::scanner: Optimized sources:
2026-05-01T16:52:27.815619Z  INFO tailwindcss_oxide::scanner: Source: Auto { base: "/Users/olya/Documents/next/course-platform" }
2026-05-01T16:52:27.817355Z  INFO discover_sources: tailwindcss_oxide::scanner: enter
2026-05-01T16:52:27.817366Z  INFO discover_sources:walk_synchronous: tailwindcss_oxide::scanner: enter
2026-05-01T16:52:27.820254Z  INFO discover_sources:walk_synchronous: tailwindcss_oxide::scanner: exit
2026-05-01T16:52:27.820480Z  INFO tailwindcss_oxide::scanner: Reading "/Users/olya/Documents/next/course-platform/src/app/admin/courses/new/page.tsx"
2026-05-01T16:52:27.820485Z  INFO tailwindcss_oxide::scanner: Reading "/Users/olya/Documents/next/course-platform/src/features/purchases/db/cache.ts"
2026-05-01T16:52:27.820494Z  INFO tailwindcss_oxide::scanner: Reading "/Users/olya/Documents/next/course-platform/postcss.config.mjs"
2026-05-01T16:52:27.820533Z  INFO tailwindcss_oxide::scanner: Reading "/Users/olya/Documents/next/course-platform/src/app/(consumer)/products/[productId]/purchase/success/page.tsx"
2026-05-01T16:52:27.820543Z  INFO tailwindcss_oxide::scanner: Reading "/Users/olya/Documents/next/course-platform/src/app/admin/courses/page.tsx"
2026-05-01T16:52:27.820547Z  INFO tailwindcss_oxide::scanner: Reading "/Users/olya/Documents/next/course-platform/src/features/purchases/db/purchases.ts"
2026-05-01T16:52:27.820533Z  INFO tailwindcss_oxide::scanner: Reading "/Users/olya/Documents/next/course-platform/src/features/products/db/products.ts"
2026-05-01T16:52:27.820533Z  INFO tailwindcss_oxide::scanner: Reading "/Users/olya/Documents/next/course-platform/package.json"
2026-05-01T16:52:27.820570Z  INFO tailwindcss_oxide::scanner: Reading "/Users/olya/Documents/next/course-platform/src/features/products/permissions/products.ts"
2026-05-01T16:52:27.820557Z  INFO tailwindcss_oxide::scanner: Reading "/Users/olya/Documents/next/course-platform/src/app/(consumer)/products/[productId]/purchase/page.tsx"
2026-05-01T16:52:27.820582Z  INFO tailwindcss_oxide::scanner: Reading "/Users/olya/Documents/next/course-platform/src/features/products/db/cache.ts"
2026-05-01T16:52:27.820592Z  INFO tailwindcss_oxide::scanner: Reading "/Users/olya/Documents/next/course-platform/src/features/products/schema/products.ts"
2026-05-01T16:52:27.820597Z  INFO tailwindcss_oxide::scanner: Reading "/Users/olya/Documents/next/course-platform/src/app/(consumer)/products/[productId]/page.tsx"
2026-05-01T16:52:27.820601Z  INFO tailwindcss_oxide::scanner: Reading "/Users/olya/Documents/next/course-platform/src/app/(auth)/sign-up/[[...sign-up]]/page.tsx"
2026-05-01T16:52:27.820533Z  INFO tailwindcss_oxide::scanner: Reading "/Users/olya/Documents/next/course-platform/src/features/courses/db/cache/courses.ts"
2026-05-01T16:52:27.820607Z  INFO tailwindcss_oxide::scanner: Reading "/Users/olya/Documents/next/course-platform/src/features/courses/permissions/courses.ts"
2026-05-01T16:52:27.820653Z  INFO tailwindcss_oxide::scanner: Reading "/Users/olya/Documents/next/course-platform/README.md"
2026-05-01T16:52:27.820563Z  INFO tailwindcss_oxide::scanner: Reading "/Users/olya/Documents/next/course-platform/src/app/admin/layout.tsx"
2026-05-01T16:52:27.820618Z  INFO tailwindcss_oxide::scanner: Reading "/Users/olya/Documents/next/course-platform/src/app/(consumer)/products/purchase-failure/page.tsx"
2026-05-01T16:52:27.820668Z  INFO tailwindcss_oxide::scanner: Reading "/Users/olya/Documents/next/course-platform/src/features/courses/schemas/courses.ts"
2026-05-01T16:52:27.820680Z  INFO tailwindcss_oxide::scanner: Reading "/Users/olya/Documents/next/course-platform/src/app/admin/page.tsx"
2026-05-01T16:52:27.820683Z  INFO tailwindcss_oxide::scanner: Reading "/Users/olya/Documents/next/course-platform/src/app/(consumer)/courses/[courseId]/layout.tsx"
2026-05-01T16:52:27.820659Z  INFO tailwindcss_oxide::scanner: Reading "/Users/olya/Documents/next/course-platform/src/features/courses/db/courses.ts"
2026-05-01T16:52:27.820696Z  INFO tailwindcss_oxide::scanner: Reading "/Users/olya/Documents/next/course-platform/src/app/layout.tsx"
2026-05-01T16:52:27.820689Z  INFO tailwindcss_oxide::scanner: Reading "/Users/olya/Documents/next/course-platform/src/features/courses/components/CourseTable.tsx"
2026-05-01T16:52:27.820712Z  INFO tailwindcss_oxide::scanner: Reading "/Users/olya/Documents/next/course-platform/src/app/(consumer)/courses/[courseId]/lessons/[lessonId]/page.tsx"
2026-05-01T16:52:27.820613Z  INFO tailwindcss_oxide::scanner: Reading "/Users/olya/Documents/next/course-platform/src/features/products/components/ProductCard.tsx"
2026-05-01T16:52:27.820732Z  INFO tailwindcss_oxide::scanner: Reading "/Users/olya/Documents/next/course-platform/src/app/(consumer)/courses/[courseId]/_client.tsx"
2026-05-01T16:52:27.820718Z  INFO tailwindcss_oxide::scanner: Reading "/Users/olya/Documents/next/course-platform/src/app/api/clerk/syncUsers/route.ts"
2026-05-01T16:52:27.820716Z  INFO tailwindcss_oxide::scanner: Reading "/Users/olya/Documents/next/course-platform/src/features/courses/db/userCourseAcccess.ts"
2026-05-01T16:52:27.820747Z  INFO tailwindcss_oxide::scanner: Reading "/Users/olya/Documents/next/course-platform/src/features/products/components/ProductTable.tsx"
2026-05-01T16:52:27.820753Z  INFO tailwindcss_oxide::scanner: Reading "/Users/olya/Documents/next/course-platform/src/app/(consumer)/courses/[courseId]/page.tsx"
2026-05-01T16:52:27.820737Z  INFO tailwindcss_oxide::scanner: Reading "/Users/olya/Documents/next/course-platform/src/features/courses/components/CourseForm.tsx"
2026-05-01T16:52:27.820768Z  INFO tailwindcss_oxide::scanner: Reading "/Users/olya/Documents/next/course-platform/src/features/products/components/ProductForm.tsx"
2026-05-01T16:52:27.820774Z  INFO tailwindcss_oxide::scanner: Reading "/Users/olya/Documents/next/course-platform/src/app/(consumer)/courses/page.tsx"
2026-05-01T16:52:27.820773Z  INFO tailwindcss_oxide::scanner: Reading "/Users/olya/Documents/next/course-platform/src/app/api/webhooks/ stripe/route.ts"
2026-05-01T16:52:27.820769Z  INFO tailwindcss_oxide::scanner: Reading "/Users/olya/Documents/next/course-platform/tsconfig.json"
2026-05-01T16:52:27.820783Z  INFO tailwindcss_oxide::scanner: Reading "/Users/olya/Documents/next/course-platform/public/file.svg"
2026-05-01T16:52:27.820769Z  INFO tailwindcss_oxide::scanner: Reading "/Users/olya/Documents/next/course-platform/src/features/courseSections/permissions/sections.ts"
2026-05-01T16:52:27.820789Z  INFO tailwindcss_oxide::scanner: Reading "/Users/olya/Documents/next/course-platform/src/features/products/actions/products.ts"
2026-05-01T16:52:27.820790Z  INFO tailwindcss_oxide::scanner: Reading "/Users/olya/Documents/next/course-platform/src/app/(consumer)/layout.tsx"
2026-05-01T16:52:27.820812Z  INFO tailwindcss_oxide::scanner: Reading "/Users/olya/Documents/next/course-platform/src/app/(auth)/layout.tsx"
2026-05-01T16:52:27.820818Z  INFO tailwindcss_oxide::scanner: Reading "/Users/olya/Documents/next/course-platform/src/features/courseSections/schemas/sections.ts"
2026-05-01T16:52:27.820838Z  INFO tailwindcss_oxide::scanner: Reading "/Users/olya/Documents/next/course-platform/src/app/(consumer)/page.tsx"
2026-05-01T16:52:27.820839Z  INFO tailwindcss_oxide::scanner: Reading "/Users/olya/Documents/next/course-platform/src/features/courses/db/cache/userCourseAccess.ts"
2026-05-01T16:52:27.820852Z  INFO tailwindcss_oxide::scanner: Reading "/Users/olya/Documents/next/course-platform/src/features/courseSections/components/SortableSectionList.tsx"
2026-05-01T16:52:27.820857Z  INFO tailwindcss_oxide::scanner: Reading "/Users/olya/Documents/next/course-platform/src/app/admin/products/[productId]/page.tsx"
2026-05-01T16:52:27.820864Z  INFO tailwindcss_oxide::scanner: Reading "/Users/olya/Documents/next/course-platform/src/features/courses/actions/courses.ts"
2026-05-01T16:52:27.820869Z  INFO tailwindcss_oxide::scanner: Reading "/Users/olya/Documents/next/course-platform/src/features/courseSections/components/SectionForm.tsx"
2026-05-01T16:52:27.820873Z  INFO tailwindcss_oxide::scanner: Reading "/Users/olya/Documents/next/course-platform/src/app/admin/products/new/page.tsx"
2026-05-01T16:52:27.820882Z  INFO tailwindcss_oxide::scanner: Reading "/Users/olya/Documents/next/course-platform/src/app/admin/sales/page.tsx"
2026-05-01T16:52:27.820894Z  INFO tailwindcss_oxide::scanner: Reading "/Users/olya/Documents/next/course-platform/src/features/courseSections/components/SectionFormDialog.tsx"
2026-05-01T16:52:27.820897Z  INFO tailwindcss_oxide::scanner: Reading "/Users/olya/Documents/next/course-platform/src/app/admin/products/page.tsx"
2026-05-01T16:52:27.820900Z  INFO tailwindcss_oxide::scanner: Reading "/Users/olya/Documents/next/course-platform/src/app/admin/courses/[courseId]/edit/page.tsx"
2026-05-01T16:52:27.820911Z  INFO tailwindcss_oxide::scanner: Reading "/Users/olya/Documents/next/course-platform/src/features/courseSections/actions/sections.ts"
2026-05-01T16:52:27.820914Z  INFO tailwindcss_oxide::scanner: Reading "/Users/olya/Documents/next/course-platform/next.config.ts"
2026-05-01T16:52:27.820914Z  INFO tailwindcss_oxide::scanner: Reading "/Users/olya/Documents/next/course-platform/src/app/(consumer)/purchases/ [purchaseId]/page.tsx"
2026-05-01T16:52:27.820926Z  INFO tailwindcss_oxide::scanner: Reading "/Users/olya/Documents/next/course-platform/public/vercel.svg"
2026-05-01T16:52:27.820928Z  INFO tailwindcss_oxide::scanner: Reading "/Users/olya/Documents/next/course-platform/src/features/courseSections/db/cache.ts"
2026-05-01T16:52:27.820932Z  INFO tailwindcss_oxide::scanner: Reading "/Users/olya/Documents/next/course-platform/src/features/purchases/permissions/products.ts"
2026-05-01T16:52:27.820937Z  INFO tailwindcss_oxide::scanner: Reading "/Users/olya/Documents/next/course-platform/src/app/(consumer)/purchases/page.tsx"
2026-05-01T16:52:27.820946Z  INFO tailwindcss_oxide::scanner: Reading "/Users/olya/Documents/next/course-platform/src/features/courseSections/db/sections.ts"
2026-05-01T16:52:27.820950Z  INFO tailwindcss_oxide::scanner: Reading "/Users/olya/Documents/next/course-platform/src/features/purchases/components/PurchaseTable.tsx"
2026-05-01T16:52:27.820963Z  INFO tailwindcss_oxide::scanner: Reading "/Users/olya/Documents/next/course-platform/src/ middleware.ts"
2026-05-01T16:52:27.820974Z  INFO tailwindcss_oxide::scanner: Reading "/Users/olya/Documents/next/course-platform/src/app/(auth)/sign-in/[[...sign-in]]/page.tsx"
2026-05-01T16:52:27.820979Z  INFO tailwindcss_oxide::scanner: Reading "/Users/olya/Documents/next/course-platform/src/features/purchases/components/UserPurchaseTable.tsx"
2026-05-01T16:52:27.820998Z  INFO tailwindcss_oxide::scanner: Reading "/Users/olya/Documents/next/course-platform/src/features/purchases/actions/purchases.ts"
2026-05-01T16:52:27.821060Z  INFO tailwindcss_oxide::scanner: Reading "/Users/olya/Documents/next/course-platform/src/app/api/webhooks/clerk/route.ts"
2026-05-01T16:52:27.821086Z  INFO tailwindcss_oxide::scanner: Reading "/Users/olya/Documents/next/course-platform/public/next.svg"
2026-05-01T16:52:27.821090Z  INFO tailwindcss_oxide::scanner: Reading "/Users/olya/Documents/next/course-platform/public/window.svg"
2026-05-01T16:52:27.821093Z  INFO tailwindcss_oxide::scanner: Reading "/Users/olya/Documents/next/course-platform/eslint.config.mjs"
2026-05-01T16:52:27.821084Z  INFO tailwindcss_oxide::scanner: Reading "/Users/olya/Documents/next/course-platform/src/components/RequiredLabelIcon.tsx"
2026-05-01T16:52:27.821109Z  INFO tailwindcss_oxide::scanner: Reading "/Users/olya/Documents/next/course-platform/src/features/users/db/cache.ts"
2026-05-01T16:52:27.821137Z  INFO tailwindcss_oxide::scanner: Reading "/Users/olya/Documents/next/course-platform/src/features/lessons/components/LessonForm.tsx"
2026-05-01T16:52:27.821099Z  INFO tailwindcss_oxide::scanner: Reading "/Users/olya/Documents/next/course-platform/docker-compose.yml"
2026-05-01T16:52:27.821109Z  INFO tailwindcss_oxide::scanner: Reading "/Users/olya/Documents/next/course-platform/src/features/lessons/schemas/lessons.ts"
2026-05-01T16:52:27.821141Z  INFO tailwindcss_oxide::scanner: Reading "/Users/olya/Documents/next/course-platform/drizzle.config.ts"
2026-05-01T16:52:27.821142Z  INFO tailwindcss_oxide::scanner: Reading "/Users/olya/Documents/next/course-platform/public/globe.svg"
2026-05-01T16:52:27.821152Z  INFO tailwindcss_oxide::scanner: Reading "/Users/olya/Documents/next/course-platform/src/components/SortableList.tsx"
2026-05-01T16:52:27.821168Z  INFO tailwindcss_oxide::scanner: Reading "/Users/olya/Documents/next/course-platform/src/features/lessons/db/cache/lessons.ts"
2026-05-01T16:52:27.821175Z  INFO tailwindcss_oxide::scanner: Reading "/Users/olya/Documents/next/course-platform/src/features/lessons/actions/userLessonComplete.ts"
2026-05-01T16:52:27.821228Z  INFO tailwindcss_oxide::scanner: Reading "/Users/olya/Documents/next/course-platform/src/components/Skeleton.tsx"
2026-05-01T16:52:27.821235Z  INFO tailwindcss_oxide::scanner: Reading "/Users/olya/Documents/next/course-platform/src/features/lessons/db/userLessonComplete.ts"
2026-05-01T16:52:27.821240Z  INFO tailwindcss_oxide::scanner: Reading "/Users/olya/Documents/next/course-platform/src/features/lessons/actions/lessons.ts"
2026-05-01T16:52:27.821247Z  INFO tailwindcss_oxide::scanner: Reading "/Users/olya/Documents/next/course-platform/src/hooks/use-toast.ts"
2026-05-01T16:52:27.821182Z  INFO tailwindcss_oxide::scanner: Reading "/Users/olya/Documents/next/course-platform/src/features/lessons/permissions/userLessonComplete.ts"
2026-05-01T16:52:27.821200Z  INFO tailwindcss_oxide::scanner: Reading "/Users/olya/Documents/next/course-platform/src/features/lessons/components/LessonFormDialog.tsx"
2026-05-01T16:52:27.821208Z  INFO tailwindcss_oxide::scanner: Reading "/Users/olya/Documents/next/course-platform/src/features/lessons/components/SortableLessonList.tsx"
2026-05-01T16:52:27.821283Z  INFO tailwindcss_oxide::scanner: Reading "/Users/olya/Documents/next/course-platform/src/features/lessons/permissions/lessons.ts"
2026-05-01T16:52:27.821255Z  INFO tailwindcss_oxide::scanner: Reading "/Users/olya/Documents/next/course-platform/src/features/lessons/db/lessons.ts"
2026-05-01T16:52:27.821261Z  INFO tailwindcss_oxide::scanner: Reading "/Users/olya/Documents/next/course-platform/src/features/lessons/db/cache/userLessonComplete.ts"
2026-05-01T16:52:27.821267Z  INFO tailwindcss_oxide::scanner: Reading "/Users/olya/Documents/next/course-platform/src/lib/sumArray.ts"
2026-05-01T16:52:27.821212Z  INFO tailwindcss_oxide::scanner: Reading "/Users/olya/Documents/next/course-platform/src/components/PageHeader.tsx"
2026-05-01T16:52:27.821291Z  INFO tailwindcss_oxide::scanner: Reading "/Users/olya/Documents/next/course-platform/src/services/stripe/actions/ stripe.ts"
2026-05-01T16:52:27.821341Z  INFO tailwindcss_oxide::scanner: Reading "/Users/olya/Documents/next/course-platform/src/lib/userCountryHeader.ts"
2026-05-01T16:52:27.821345Z  INFO tailwindcss_oxide::scanner: Reading "/Users/olya/Documents/next/course-platform/src/components/ButtonN.tsx"
2026-05-01T16:52:27.821296Z  INFO tailwindcss_oxide::scanner: Reading "/Users/olya/Documents/next/course-platform/src/features/lessons/components/YouTubeVideoPlayer.tsx"
2026-05-01T16:52:27.821316Z  INFO tailwindcss_oxide::scanner: Reading "/Users/olya/Documents/next/course-platform/src/permissions/general.ts"
2026-05-01T16:52:27.821361Z  INFO tailwindcss_oxide::scanner: Reading "/Users/olya/Documents/next/course-platform/src/lib/utils.ts"
2026-05-01T16:52:27.821364Z  INFO tailwindcss_oxide::scanner: Reading "/Users/olya/Documents/next/course-platform/src/components/ActionButton.tsx"
2026-05-01T16:52:27.821383Z  INFO tailwindcss_oxide::scanner: Reading "/Users/olya/Documents/next/course-platform/src/lib/formatters.ts"
2026-05-01T16:52:27.821389Z  INFO tailwindcss_oxide::scanner: Reading "/Users/olya/Documents/next/course-platform/src/lib/dataCache.ts"
2026-05-01T16:52:27.821392Z  INFO tailwindcss_oxide::scanner: Reading "/Users/olya/Documents/next/course-platform/src/components/LoadingSpinner.tsx"
2026-05-01T16:52:27.821402Z  INFO tailwindcss_oxide::scanner: Reading "/Users/olya/Documents/next/course-platform/src/services/clerk.ts"
2026-05-01T16:52:27.821418Z  INFO tailwindcss_oxide::scanner: Reading "/Users/olya/Documents/next/course-platform/src/services/stripe/stripeServer.ts"
2026-05-01T16:52:27.821429Z  INFO tailwindcss_oxide::scanner: Reading "/Users/olya/Documents/next/course-platform/src/drizzle/schema/userLessonComplete.ts"
2026-05-01T16:52:27.821431Z  INFO tailwindcss_oxide::scanner: Reading "/Users/olya/Documents/next/course-platform/src/drizzle/schema.ts"
2026-05-01T16:52:27.821433Z  INFO tailwindcss_oxide::scanner: Reading "/Users/olya/Documents/next/course-platform/src/services/stripe/stripeClient.ts"
2026-05-01T16:52:27.821433Z  INFO tailwindcss_oxide::scanner: Reading "/Users/olya/Documents/next/course-platform/src/features/users/db/users.ts"
2026-05-01T16:52:27.821452Z  INFO tailwindcss_oxide::scanner: Reading "/Users/olya/Documents/next/course-platform/src/drizzle/schema/courseSection.ts"
2026-05-01T16:52:27.821455Z  INFO tailwindcss_oxide::scanner: Reading "/Users/olya/Documents/next/course-platform/src/services/stripe/components/StripeCheckoutForm.tsx"
2026-05-01T16:52:27.821491Z  INFO tailwindcss_oxide::scanner: Reading "/Users/olya/Documents/next/course-platform/src/drizzle/schema/lesson.ts"
2026-05-01T16:52:27.821508Z  INFO tailwindcss_oxide::scanner: Reading "/Users/olya/Documents/next/course-platform/src/data/env/client.ts"
2026-05-01T16:52:27.821520Z  INFO tailwindcss_oxide::scanner: Reading "/Users/olya/Documents/next/course-platform/src/data/env/server.ts"
2026-05-01T16:52:27.821553Z  INFO tailwindcss_oxide::scanner: Reading "/Users/olya/Documents/next/course-platform/src/drizzle/schema/purchase.ts"
2026-05-01T16:52:27.821567Z  INFO tailwindcss_oxide::scanner: Reading "/Users/olya/Documents/next/course-platform/src/drizzle/schema/user.ts"
2026-05-01T16:52:27.821579Z  INFO tailwindcss_oxide::scanner: Reading "/Users/olya/Documents/next/course-platform/src/drizzle/schema/course.ts"
2026-05-01T16:52:27.821587Z  INFO tailwindcss_oxide::scanner: Reading "/Users/olya/Documents/next/course-platform/src/drizzle/schemaHelpers.ts"
2026-05-01T16:52:27.821630Z  INFO tailwindcss_oxide::scanner: Reading "/Users/olya/Documents/next/course-platform/src/drizzle/migrations/meta/_journal.json"
2026-05-01T16:52:27.821681Z  INFO tailwindcss_oxide::scanner: Reading "/Users/olya/Documents/next/course-platform/src/drizzle/db.ts"
2026-05-01T16:52:27.821712Z  INFO tailwindcss_oxide::scanner: Reading "/Users/olya/Documents/next/course-platform/src/drizzle/schema/userCourseAccess.ts"
2026-05-01T16:52:27.821812Z  INFO tailwindcss_oxide::scanner: Reading "/Users/olya/Documents/next/course-platform/src/drizzle/schema/courseProduct.ts"
2026-05-01T16:52:27.821813Z  INFO tailwindcss_oxide::scanner: Reading "/Users/olya/Documents/next/course-platform/src/drizzle/schema/product.ts"
2026-05-01T16:52:27.821850Z  INFO tailwindcss_oxide::scanner: Reading "/Users/olya/Documents/next/course-platform/src/drizzle/migrations/meta/0000_snapshot.json"
2026-05-01T16:52:27.821988Z  INFO tailwindcss_oxide::scanner: Reading "/Users/olya/Documents/next/course-platform/src/drizzle/migrations/0000_cultured_chronomancer.sql"
2026-05-01T16:52:27.822068Z  INFO tailwindcss_oxide::scanner: Reading "/Users/olya/Documents/next/course-platform/src/data/typeOverrides/clerk.d.ts"
2026-05-01T16:52:27.822161Z  INFO discover_sources: tailwindcss_oxide::scanner: exit
2026-05-01T16:52:27.822185Z  INFO extract_candidates: tailwindcss_oxide::scanner: enter
2026-05-01T16:52:27.822192Z  INFO extract_candidates:parse_all_blobs: tailwindcss_oxide::scanner: enter
2026-05-01T16:52:27.822194Z  INFO extract_candidates:parse_all_blobs:extract: tailwindcss_oxide::scanner: enter
2026-05-01T16:52:27.822507Z  INFO extract_candidates:parse_all_blobs:extract: tailwindcss_oxide::scanner: exit
2026-05-01T16:52:27.822515Z  INFO extract_candidates:parse_all_blobs: tailwindcss_oxide::scanner: exit
2026-05-01T16:52:27.822522Z  INFO extract_candidates:read_all_files: tailwindcss_oxide::scanner: enter
2026-05-01T16:52:27.822524Z  INFO extract_candidates:read_all_files: tailwindcss_oxide::scanner: Reading 1 file(s)
2026-05-01T16:52:27.822537Z  INFO extract_candidates:read_all_files: tailwindcss_oxide::scanner: Reading "/Users/olya/Documents/next/course-platform/src/app/globals.css"
2026-05-01T16:52:27.822540Z  INFO extract_candidates:read_all_files: tailwindcss_oxide::scanner: exit
2026-05-01T16:52:27.822543Z  INFO extract_candidates:extract_css_variables: tailwindcss_oxide::scanner: enter
2026-05-01T16:52:27.822545Z  INFO extract_candidates:extract_css_variables:extract: tailwindcss_oxide::scanner: enter
2026-05-01T16:52:27.822598Z  INFO extract_candidates:extract_css_variables:extract: tailwindcss_oxide::scanner: exit
2026-05-01T16:52:27.822603Z  INFO extract_candidates:extract_css_variables: tailwindcss_oxide::scanner: exit
2026-05-01T16:52:27.822665Z  INFO extract_candidates: tailwindcss_oxide::scanner: exit
2026-05-01T16:52:27.822809Z  INFO get_files: tailwindcss_oxide::scanner: enter
2026-05-01T16:52:27.822812Z  INFO get_files:discover_sources: tailwindcss_oxide::scanner: enter
2026-05-01T16:52:27.822814Z  INFO get_files:discover_sources: tailwindcss_oxide::scanner: exit
2026-05-01T16:52:27.822874Z  INFO get_files: tailwindcss_oxide::scanner: exit
2026-05-01T16:52:27.823023Z  INFO get_globs: tailwindcss_oxide::scanner: enter
2026-05-01T16:52:27.823025Z  INFO get_globs:discover_sources: tailwindcss_oxide::scanner: enter
2026-05-01T16:52:27.823027Z  INFO get_globs:discover_sources: tailwindcss_oxide::scanner: exit
2026-05-01T16:52:27.824662Z  INFO get_globs: tailwindcss_oxide::scanner: exit
2026-05-01T16:52:28.095422Z  INFO discover_sources: tailwindcss_oxide::scanner: enter
2026-05-01T16:52:28.095442Z  INFO discover_sources:walk_parallel: tailwindcss_oxide::scanner: enter
2026-05-01T16:52:28.098442Z  INFO discover_sources:walk_parallel: tailwindcss_oxide::scanner: exit
2026-05-01T16:52:28.098733Z  INFO tailwindcss_oxide::scanner: Reading "/Users/olya/Documents/next/course-platform/eslint.config.mjs"
2026-05-01T16:52:28.098733Z  INFO tailwindcss_oxide::scanner: Reading "/Users/olya/Documents/next/course-platform/src/lib/formatters.ts"
2026-05-01T16:52:28.098754Z  INFO tailwindcss_oxide::scanner: Reading "/Users/olya/Documents/next/course-platform/src/features/courses/db/cache/courses.ts"
2026-05-01T16:52:28.098733Z  INFO tailwindcss_oxide::scanner: Reading "/Users/olya/Documents/next/course-platform/src/features/courseSections/components/SectionFormDialog.tsx"
2026-05-01T16:52:28.098763Z  INFO tailwindcss_oxide::scanner: Reading "/Users/olya/Documents/next/course-platform/drizzle.config.ts"
2026-05-01T16:52:28.098764Z  INFO tailwindcss_oxide::scanner: Reading "/Users/olya/Documents/next/course-platform/src/lib/dataCache.ts"
2026-05-01T16:52:28.098771Z  INFO tailwindcss_oxide::scanner: Reading "/Users/olya/Documents/next/course-platform/src/features/courses/db/cache/userCourseAccess.ts"
2026-05-01T16:52:28.098804Z  INFO tailwindcss_oxide::scanner: Reading "/Users/olya/Documents/next/course-platform/next.config.ts"
2026-05-01T16:52:28.098808Z  INFO tailwindcss_oxide::scanner: Reading "/Users/olya/Documents/next/course-platform/src/lib/utils.ts"
2026-05-01T16:52:28.098812Z  INFO tailwindcss_oxide::scanner: Reading "/Users/olya/Documents/next/course-platform/src/features/courses/actions/courses.ts"
2026-05-01T16:52:28.098819Z  INFO tailwindcss_oxide::scanner: Reading "/Users/olya/Documents/next/course-platform/src/ middleware.ts"
2026-05-01T16:52:28.098822Z  INFO tailwindcss_oxide::scanner: Reading "/Users/olya/Documents/next/course-platform/src/lib/userCountryHeader.ts"
2026-05-01T16:52:28.098827Z  INFO tailwindcss_oxide::scanner: Reading "/Users/olya/Documents/next/course-platform/src/features/courses/components/CourseForm.tsx"
2026-05-01T16:52:28.098834Z  INFO tailwindcss_oxide::scanner: Reading "/Users/olya/Documents/next/course-platform/src/features/purchases/components/UserPurchaseTable.tsx"
2026-05-01T16:52:28.098777Z  INFO tailwindcss_oxide::scanner: Reading "/Users/olya/Documents/next/course-platform/public/globe.svg"
2026-05-01T16:52:28.098780Z  INFO tailwindcss_oxide::scanner: Reading "/Users/olya/Documents/next/course-platform/src/features/products/db/products.ts"
2026-05-01T16:52:28.098854Z  INFO tailwindcss_oxide::scanner: Reading "/Users/olya/Documents/next/course-platform/src/features/purchases/components/PurchaseTable.tsx"
2026-05-01T16:52:28.098796Z  INFO tailwindcss_oxide::scanner: Reading "/Users/olya/Documents/next/course-platform/src/features/courseSections/components/SectionForm.tsx"
2026-05-01T16:52:28.098776Z  INFO tailwindcss_oxide::scanner: Reading "/Users/olya/Documents/next/course-platform/src/app/admin/products/new/page.tsx"
2026-05-01T16:52:28.098836Z  INFO tailwindcss_oxide::scanner: Reading "/Users/olya/Documents/next/course-platform/src/lib/sumArray.ts"
2026-05-01T16:52:28.098841Z  INFO tailwindcss_oxide::scanner: Reading "/Users/olya/Documents/next/course-platform/src/features/courses/components/CourseTable.tsx"
2026-05-01T16:52:28.098895Z  INFO tailwindcss_oxide::scanner: Reading "/Users/olya/Documents/next/course-platform/src/drizzle/db.ts"
2026-05-01T16:52:28.098898Z  INFO tailwindcss_oxide::scanner: Reading "/Users/olya/Documents/next/course-platform/src/hooks/use-toast.ts"
2026-05-01T16:52:28.098902Z  INFO tailwindcss_oxide::scanner: Reading "/Users/olya/Documents/next/course-platform/src/features/courses/schemas/courses.ts"
2026-05-01T16:52:28.098864Z  INFO tailwindcss_oxide::scanner: Reading "/Users/olya/Documents/next/course-platform/src/features/products/actions/products.ts"
2026-05-01T16:52:28.098886Z  INFO tailwindcss_oxide::scanner: Reading "/Users/olya/Documents/next/course-platform/src/features/courseSections/components/SortableSectionList.tsx"
2026-05-01T16:52:28.098772Z  INFO tailwindcss_oxide::scanner: Reading "/Users/olya/Documents/next/course-platform/src/drizzle/schema/userLessonComplete.ts"
2026-05-01T16:52:28.098862Z  INFO tailwindcss_oxide::scanner: Reading "/Users/olya/Documents/next/course-platform/public/next.svg"
2026-05-01T16:52:28.098939Z  INFO tailwindcss_oxide::scanner: Reading "/Users/olya/Documents/next/course-platform/src/features/courseSections/schemas/sections.ts"
2026-05-01T16:52:28.098868Z  INFO tailwindcss_oxide::scanner: Reading "/Users/olya/Documents/next/course-platform/src/app/admin/products/page.tsx"
2026-05-01T16:52:28.098912Z  INFO tailwindcss_oxide::scanner: Reading "/Users/olya/Documents/next/course-platform/src/components/Skeleton.tsx"
2026-05-01T16:52:28.098916Z  INFO tailwindcss_oxide::scanner: Reading "/Users/olya/Documents/next/course-platform/src/features/courses/permissions/courses.ts"
2026-05-01T16:52:28.098932Z  INFO tailwindcss_oxide::scanner: Reading "/Users/olya/Documents/next/course-platform/src/features/products/components/ProductForm.tsx"
2026-05-01T16:52:28.098976Z  INFO tailwindcss_oxide::scanner: Reading "/Users/olya/Documents/next/course-platform/src/components/SortableList.tsx"
2026-05-01T16:52:28.098911Z  INFO tailwindcss_oxide::scanner: Reading "/Users/olya/Documents/next/course-platform/src/drizzle/schemaHelpers.ts"
2026-05-01T16:52:28.098950Z  INFO tailwindcss_oxide::scanner: Reading "/Users/olya/Documents/next/course-platform/public/vercel.svg"
2026-05-01T16:52:28.098952Z  INFO tailwindcss_oxide::scanner: Reading "/Users/olya/Documents/next/course-platform/src/features/courseSections/permissions/sections.ts"
2026-05-01T16:52:28.099005Z  INFO tailwindcss_oxide::scanner: Reading "/Users/olya/Documents/next/course-platform/src/drizzle/schema/user.ts"
2026-05-01T16:52:28.098969Z  INFO tailwindcss_oxide::scanner: Reading "/Users/olya/Documents/next/course-platform/src/features/lessons/db/cache/lessons.ts"
2026-05-01T16:52:28.098984Z  INFO tailwindcss_oxide::scanner: Reading "/Users/olya/Documents/next/course-platform/src/features/products/components/ProductTable.tsx"
2026-05-01T16:52:28.098948Z  INFO tailwindcss_oxide::scanner: Reading "/Users/olya/Documents/next/course-platform/src/drizzle/schema/product.ts"
2026-05-01T16:52:28.099039Z  INFO tailwindcss_oxide::scanner: Reading "/Users/olya/Documents/next/course-platform/src/features/products/components/ProductCard.tsx"
2026-05-01T16:52:28.098980Z  INFO tailwindcss_oxide::scanner: Reading "/Users/olya/Documents/next/course-platform/src/features/products/db/cache.ts"
2026-05-01T16:52:28.099012Z  INFO tailwindcss_oxide::scanner: Reading "/Users/olya/Documents/next/course-platform/public/file.svg"
2026-05-01T16:52:28.099014Z  INFO tailwindcss_oxide::scanner: Reading "/Users/olya/Documents/next/course-platform/src/features/courses/db/userCourseAcccess.ts"
2026-05-01T16:52:28.099020Z  INFO tailwindcss_oxide::scanner: Reading "/Users/olya/Documents/next/course-platform/src/drizzle/schema/courseSection.ts"
2026-05-01T16:52:28.099033Z  INFO tailwindcss_oxide::scanner: Reading "/Users/olya/Documents/next/course-platform/src/features/lessons/db/cache/userLessonComplete.ts"
2026-05-01T16:52:28.099081Z  INFO tailwindcss_oxide::scanner: Reading "/Users/olya/Documents/next/course-platform/src/features/courses/db/courses.ts"
2026-05-01T16:52:28.098990Z  INFO tailwindcss_oxide::scanner: Reading "/Users/olya/Documents/next/course-platform/src/components/RequiredLabelIcon.tsx"
2026-05-01T16:52:28.099052Z  INFO tailwindcss_oxide::scanner: Reading "/Users/olya/Documents/next/course-platform/src/features/products/schema/products.ts"
2026-05-01T16:52:28.099058Z  INFO tailwindcss_oxide::scanner: Reading "/Users/olya/Documents/next/course-platform/src/app/layout.tsx"
2026-05-01T16:52:28.099075Z  INFO tailwindcss_oxide::scanner: Reading "/Users/olya/Documents/next/course-platform/src/app/(consumer)/page.tsx"
2026-05-01T16:52:28.099118Z  INFO tailwindcss_oxide::scanner: Reading "/Users/olya/Documents/next/course-platform/src/features/products/permissions/products.ts"
2026-05-01T16:52:28.099086Z  INFO tailwindcss_oxide::scanner: Reading "/Users/olya/Documents/next/course-platform/src/drizzle/schema/course.ts"
2026-05-01T16:52:28.099051Z  INFO tailwindcss_oxide::scanner: Reading "/Users/olya/Documents/next/course-platform/src/drizzle/schema/userCourseAccess.ts"
2026-05-01T16:52:28.099095Z  INFO tailwindcss_oxide::scanner: Reading "/Users/olya/Documents/next/course-platform/src/app/(consumer)/courses/[courseId]/_client.tsx"
2026-05-01T16:52:28.099149Z  INFO tailwindcss_oxide::scanner: Reading "/Users/olya/Documents/next/course-platform/src/drizzle/schema/lesson.ts"
2026-05-01T16:52:28.099111Z  INFO tailwindcss_oxide::scanner: Reading "/Users/olya/Documents/next/course-platform/src/components/LoadingSpinner.tsx"
2026-05-01T16:52:28.099128Z  INFO tailwindcss_oxide::scanner: Reading "/Users/olya/Documents/next/course-platform/src/app/(consumer)/layout.tsx"
2026-05-01T16:52:28.099090Z  INFO tailwindcss_oxide::scanner: Reading "/Users/olya/Documents/next/course-platform/src/features/lessons/actions/lessons.ts"
2026-05-01T16:52:28.099131Z  INFO tailwindcss_oxide::scanner: Reading "/Users/olya/Documents/next/course-platform/src/features/purchases/db/purchases.ts"
2026-05-01T16:52:28.099183Z  INFO tailwindcss_oxide::scanner: Reading "/Users/olya/Documents/next/course-platform/src/app/(consumer)/courses/page.tsx"
2026-05-01T16:52:28.099123Z  INFO tailwindcss_oxide::scanner: Reading "/Users/olya/Documents/next/course-platform/src/app/admin/page.tsx"
2026-05-01T16:52:28.099159Z  INFO tailwindcss_oxide::scanner: Reading "/Users/olya/Documents/next/course-platform/src/app/(consumer)/courses/[courseId]/lessons/[lessonId]/page.tsx"
2026-05-01T16:52:28.099163Z  INFO tailwindcss_oxide::scanner: Reading "/Users/olya/Documents/next/course-platform/src/drizzle/schema/purchase.ts"
2026-05-01T16:52:28.099176Z  INFO tailwindcss_oxide::scanner: Reading "/Users/olya/Documents/next/course-platform/src/components/ActionButton.tsx"
2026-05-01T16:52:28.099217Z  INFO tailwindcss_oxide::scanner: Reading "/Users/olya/Documents/next/course-platform/src/app/(consumer)/courses/[courseId]/layout.tsx"
2026-05-01T16:52:28.099188Z  INFO tailwindcss_oxide::scanner: Reading "/Users/olya/Documents/next/course-platform/src/features/lessons/actions/userLessonComplete.ts"
2026-05-01T16:52:28.099155Z  INFO tailwindcss_oxide::scanner: Reading "/Users/olya/Documents/next/course-platform/src/drizzle/schema/courseProduct.ts"
2026-05-01T16:52:28.099196Z  INFO tailwindcss_oxide::scanner: Reading "/Users/olya/Documents/next/course-platform/src/app/(consumer)/courses/[courseId]/page.tsx"
2026-05-01T16:52:28.099209Z  INFO tailwindcss_oxide::scanner: Reading "/Users/olya/Documents/next/course-platform/src/app/admin/layout.tsx"
2026-05-01T16:52:28.099265Z  INFO tailwindcss_oxide::scanner: Reading "/Users/olya/Documents/next/course-platform/src/drizzle/migrations/0000_cultured_chronomancer.sql"
2026-05-01T16:52:28.099270Z  INFO tailwindcss_oxide::scanner: Reading "/Users/olya/Documents/next/course-platform/postcss.config.mjs"
2026-05-01T16:52:28.099225Z  INFO tailwindcss_oxide::scanner: Reading "/Users/olya/Documents/next/course-platform/src/components/ButtonN.tsx"
2026-05-01T16:52:28.099191Z  INFO tailwindcss_oxide::scanner: Reading "/Users/olya/Documents/next/course-platform/src/features/purchases/db/cache.ts"
2026-05-01T16:52:28.099257Z  INFO tailwindcss_oxide::scanner: Reading "/Users/olya/Documents/next/course-platform/src/features/lessons/components/LessonForm.tsx"
2026-05-01T16:52:28.099223Z  INFO tailwindcss_oxide::scanner: Reading "/Users/olya/Documents/next/course-platform/docker-compose.yml"
2026-05-01T16:52:28.099272Z  INFO tailwindcss_oxide::scanner: Reading "/Users/olya/Documents/next/course-platform/src/app/admin/courses/page.tsx"
2026-05-01T16:52:28.099309Z  INFO tailwindcss_oxide::scanner: Reading "/Users/olya/Documents/next/course-platform/src/features/lessons/components/YouTubeVideoPlayer.tsx"
2026-05-01T16:52:28.099279Z  INFO tailwindcss_oxide::scanner: Reading "/Users/olya/Documents/next/course-platform/src/drizzle/migrations/meta/_journal.json"
2026-05-01T16:52:28.099230Z  INFO tailwindcss_oxide::scanner: Reading "/Users/olya/Documents/next/course-platform/src/app/(consumer)/products/purchase-failure/page.tsx"
2026-05-01T16:52:28.099289Z  INFO tailwindcss_oxide::scanner: Reading "/Users/olya/Documents/next/course-platform/src/components/PageHeader.tsx"
2026-05-01T16:52:28.099342Z  INFO tailwindcss_oxide::scanner: Reading "/Users/olya/Documents/next/course-platform/src/drizzle/migrations/meta/0000_snapshot.json"
2026-05-01T16:52:28.099286Z  INFO tailwindcss_oxide::scanner: Reading "/Users/olya/Documents/next/course-platform/README.md"
2026-05-01T16:52:28.099317Z  INFO tailwindcss_oxide::scanner: Reading "/Users/olya/Documents/next/course-platform/tsconfig.json"
2026-05-01T16:52:28.099318Z  INFO tailwindcss_oxide::scanner: Reading "/Users/olya/Documents/next/course-platform/src/app/admin/courses/new/page.tsx"
2026-05-01T16:52:28.099322Z  INFO tailwindcss_oxide::scanner: Reading "/Users/olya/Documents/next/course-platform/src/features/lessons/components/SortableLessonList.tsx"
2026-05-01T16:52:28.099302Z  INFO tailwindcss_oxide::scanner: Reading "/Users/olya/Documents/next/course-platform/src/features/purchases/actions/purchases.ts"
2026-05-01T16:52:28.099344Z  INFO tailwindcss_oxide::scanner: Reading "/Users/olya/Documents/next/course-platform/src/app/(consumer)/products/[productId]/page.tsx"
2026-05-01T16:52:28.099389Z  INFO tailwindcss_oxide::scanner: Reading "/Users/olya/Documents/next/course-platform/src/features/lessons/components/LessonFormDialog.tsx"
2026-05-01T16:52:28.099349Z  INFO tailwindcss_oxide::scanner: Reading "/Users/olya/Documents/next/course-platform/src/permissions/general.ts"
2026-05-01T16:52:28.099368Z  INFO tailwindcss_oxide::scanner: Reading "/Users/olya/Documents/next/course-platform/package.json"
2026-05-01T16:52:28.099371Z  INFO tailwindcss_oxide::scanner: Reading "/Users/olya/Documents/next/course-platform/src/drizzle/schema.ts"
2026-05-01T16:52:28.099382Z  INFO tailwindcss_oxide::scanner: Reading "/Users/olya/Documents/next/course-platform/src/app/admin/courses/[courseId]/edit/page.tsx"
2026-05-01T16:52:28.099362Z  INFO tailwindcss_oxide::scanner: Reading "/Users/olya/Documents/next/course-platform/src/features/lessons/db/lessons.ts"
2026-05-01T16:52:28.099396Z  INFO tailwindcss_oxide::scanner: Reading "/Users/olya/Documents/next/course-platform/public/window.svg"
2026-05-01T16:52:28.099399Z  INFO tailwindcss_oxide::scanner: Reading "/Users/olya/Documents/next/course-platform/src/app/(consumer)/products/[productId]/purchase/page.tsx"
2026-05-01T16:52:28.099402Z  INFO tailwindcss_oxide::scanner: Reading "/Users/olya/Documents/next/course-platform/src/features/lessons/schemas/lessons.ts"
2026-05-01T16:52:28.099464Z  INFO tailwindcss_oxide::scanner: Reading "/Users/olya/Documents/next/course-platform/src/app/(consumer)/products/[productId]/purchase/success/page.tsx"
2026-05-01T16:52:28.099418Z  INFO tailwindcss_oxide::scanner: Reading "/Users/olya/Documents/next/course-platform/src/services/stripe/actions/ stripe.ts"
2026-05-01T16:52:28.099430Z  INFO tailwindcss_oxide::scanner: Reading "/Users/olya/Documents/next/course-platform/src/features/users/db/cache.ts"
2026-05-01T16:52:28.099433Z  INFO tailwindcss_oxide::scanner: Reading "/Users/olya/Documents/next/course-platform/src/app/admin/sales/page.tsx"
2026-05-01T16:52:28.099456Z  INFO tailwindcss_oxide::scanner: Reading "/Users/olya/Documents/next/course-platform/src/features/lessons/db/userLessonComplete.ts"
2026-05-01T16:52:28.099497Z  INFO tailwindcss_oxide::scanner: Reading "/Users/olya/Documents/next/course-platform/src/features/courseSections/db/sections.ts"
2026-05-01T16:52:28.099469Z  INFO tailwindcss_oxide::scanner: Reading "/Users/olya/Documents/next/course-platform/src/features/lessons/permissions/userLessonComplete.ts"
2026-05-01T16:52:28.099426Z  INFO tailwindcss_oxide::scanner: Reading "/Users/olya/Documents/next/course-platform/src/app/(consumer)/purchases/ [purchaseId]/page.tsx"
2026-05-01T16:52:28.099477Z  INFO tailwindcss_oxide::scanner: Reading "/Users/olya/Documents/next/course-platform/src/features/purchases/permissions/products.ts"
2026-05-01T16:52:28.099491Z  INFO tailwindcss_oxide::scanner: Reading "/Users/olya/Documents/next/course-platform/src/services/stripe/components/StripeCheckoutForm.tsx"
2026-05-01T16:52:28.099533Z  INFO tailwindcss_oxide::scanner: Reading "/Users/olya/Documents/next/course-platform/src/app/admin/products/[productId]/page.tsx"
2026-05-01T16:52:28.099502Z  INFO tailwindcss_oxide::scanner: Reading "/Users/olya/Documents/next/course-platform/src/app/(consumer)/purchases/page.tsx"
2026-05-01T16:52:28.099472Z  INFO tailwindcss_oxide::scanner: Reading "/Users/olya/Documents/next/course-platform/src/features/lessons/permissions/lessons.ts"
2026-05-01T16:52:28.099511Z  INFO tailwindcss_oxide::scanner: Reading "/Users/olya/Documents/next/course-platform/src/services/clerk.ts"
2026-05-01T16:52:28.099527Z  INFO tailwindcss_oxide::scanner: Reading "/Users/olya/Documents/next/course-platform/src/features/users/db/users.ts"
2026-05-01T16:52:28.099569Z  INFO tailwindcss_oxide::scanner: Reading "/Users/olya/Documents/next/course-platform/src/features/courseSections/actions/sections.ts"
2026-05-01T16:52:28.099538Z  INFO tailwindcss_oxide::scanner: Reading "/Users/olya/Documents/next/course-platform/src/services/stripe/stripeClient.ts"
2026-05-01T16:52:28.099506Z  INFO tailwindcss_oxide::scanner: Reading "/Users/olya/Documents/next/course-platform/src/features/courseSections/db/cache.ts"
2026-05-01T16:52:28.099547Z  INFO tailwindcss_oxide::scanner: Reading "/Users/olya/Documents/next/course-platform/src/app/(auth)/sign-in/[[...sign-in]]/page.tsx"
2026-05-01T16:52:28.099562Z  INFO tailwindcss_oxide::scanner: Reading "/Users/olya/Documents/next/course-platform/src/services/stripe/stripeServer.ts"
2026-05-01T16:52:28.099604Z  INFO tailwindcss_oxide::scanner: Reading "/Users/olya/Documents/next/course-platform/src/data/env/server.ts"
2026-05-01T16:52:28.099608Z  INFO tailwindcss_oxide::scanner: Reading "/Users/olya/Documents/next/course-platform/src/data/env/client.ts"
2026-05-01T16:52:28.099612Z  INFO tailwindcss_oxide::scanner: Reading "/Users/olya/Documents/next/course-platform/src/app/api/webhooks/clerk/route.ts"
2026-05-01T16:52:28.099544Z  INFO tailwindcss_oxide::scanner: Reading "/Users/olya/Documents/next/course-platform/src/app/(auth)/sign-up/[[...sign-up]]/page.tsx"
2026-05-01T16:52:28.099596Z  INFO tailwindcss_oxide::scanner: Reading "/Users/olya/Documents/next/course-platform/src/app/api/clerk/syncUsers/route.ts"
2026-05-01T16:52:28.099575Z  INFO tailwindcss_oxide::scanner: Reading "/Users/olya/Documents/next/course-platform/src/data/typeOverrides/clerk.d.ts"
2026-05-01T16:52:28.099578Z  INFO tailwindcss_oxide::scanner: Reading "/Users/olya/Documents/next/course-platform/src/app/api/webhooks/ stripe/route.ts"
2026-05-01T16:52:28.099583Z  INFO tailwindcss_oxide::scanner: Reading "/Users/olya/Documents/next/course-platform/src/app/(auth)/layout.tsx"
2026-05-01T16:52:28.099707Z  INFO discover_sources: tailwindcss_oxide::scanner: exit
2026-05-01T16:52:28.099712Z  INFO extract_candidates: tailwindcss_oxide::scanner: enter
2026-05-01T16:52:28.099714Z  INFO extract_candidates:parse_all_blobs: tailwindcss_oxide::scanner: enter
2026-05-01T16:52:28.099717Z  INFO extract_candidates:parse_all_blobs:extract: tailwindcss_oxide::scanner: enter
2026-05-01T16:52:28.100038Z  INFO extract_candidates:parse_all_blobs:extract: tailwindcss_oxide::scanner: exit
2026-05-01T16:52:28.100045Z  INFO extract_candidates:parse_all_blobs: tailwindcss_oxide::scanner: exit
2026-05-01T16:52:28.100048Z  INFO extract_candidates:read_all_files: tailwindcss_oxide::scanner: enter
2026-05-01T16:52:28.100050Z  INFO extract_candidates:read_all_files: tailwindcss_oxide::scanner: Reading 1 file(s)
2026-05-01T16:52:28.100061Z  INFO extract_candidates:read_all_files: tailwindcss_oxide::scanner: Reading "/Users/olya/Documents/next/course-platform/src/app/globals.css"
2026-05-01T16:52:28.100064Z  INFO extract_candidates:read_all_files: tailwindcss_oxide::scanner: exit
2026-05-01T16:52:28.100067Z  INFO extract_candidates:extract_css_variables: tailwindcss_oxide::scanner: enter
2026-05-01T16:52:28.100069Z  INFO extract_candidates:extract_css_variables:extract: tailwindcss_oxide::scanner: enter
2026-05-01T16:52:28.100118Z  INFO extract_candidates:extract_css_variables:extract: tailwindcss_oxide::scanner: exit
2026-05-01T16:52:28.100122Z  INFO extract_candidates:extract_css_variables: tailwindcss_oxide::scanner: exit
2026-05-01T16:52:28.100150Z  INFO extract_candidates: tailwindcss_oxide::scanner: exit
2026-05-01T16:52:28.100244Z  INFO get_files: tailwindcss_oxide::scanner: enter
2026-05-01T16:52:28.100247Z  INFO get_files:discover_sources: tailwindcss_oxide::scanner: enter
2026-05-01T16:52:28.100249Z  INFO get_files:discover_sources: tailwindcss_oxide::scanner: exit
2026-05-01T16:52:28.100323Z  INFO get_files: tailwindcss_oxide::scanner: exit
2026-05-01T16:52:28.100639Z  INFO get_globs: tailwindcss_oxide::scanner: enter
2026-05-01T16:52:28.100642Z  INFO get_globs: tailwindcss_oxide::scanner: exit
2026-05-01T16:54:31.141333Z  INFO discover_sources: tailwindcss_oxide::scanner: enter
2026-05-01T16:54:31.141389Z  INFO discover_sources:walk_parallel: tailwindcss_oxide::scanner: enter
2026-05-01T16:54:31.145352Z  INFO discover_sources:walk_parallel: tailwindcss_oxide::scanner: exit
2026-05-01T16:54:31.145907Z  INFO discover_sources: tailwindcss_oxide::scanner: Reading "/Users/olya/Documents/next/course-platform/src/app/(consumer)/layout.tsx"
2026-05-01T16:54:31.145939Z  INFO discover_sources: tailwindcss_oxide::scanner: exit
2026-05-01T16:54:31.145947Z  INFO extract_candidates: tailwindcss_oxide::scanner: enter
2026-05-01T16:54:31.145951Z  INFO extract_candidates:parse_all_blobs: tailwindcss_oxide::scanner: enter
2026-05-01T16:54:31.145955Z  INFO extract_candidates:parse_all_blobs:extract: tailwindcss_oxide::scanner: enter
2026-05-01T16:54:31.146048Z  INFO extract_candidates:parse_all_blobs:extract: tailwindcss_oxide::scanner: exit
2026-05-01T16:54:31.146055Z  INFO extract_candidates:parse_all_blobs: tailwindcss_oxide::scanner: exit
2026-05-01T16:54:31.146074Z  INFO extract_candidates: tailwindcss_oxide::scanner: exit
2026-05-01T16:54:31.146324Z  INFO get_files: tailwindcss_oxide::scanner: enter
2026-05-01T16:54:31.146329Z  INFO get_files:discover_sources: tailwindcss_oxide::scanner: enter
2026-05-01T16:54:31.146344Z  INFO get_files:discover_sources: tailwindcss_oxide::scanner: exit
2026-05-01T16:54:31.146397Z  INFO get_files: tailwindcss_oxide::scanner: exit
2026-05-01T16:54:31.146516Z  INFO get_globs: tailwindcss_oxide::scanner: enter
2026-05-01T16:54:31.146520Z  INFO get_globs: tailwindcss_oxide::scanner: exit
2026-05-01T16:55:26.742881Z  INFO discover_sources: tailwindcss_oxide::scanner: enter
2026-05-01T16:55:26.742903Z  INFO discover_sources:walk_parallel: tailwindcss_oxide::scanner: enter
2026-05-01T16:55:26.746936Z  INFO discover_sources:walk_parallel: tailwindcss_oxide::scanner: exit
2026-05-01T16:55:26.747615Z  INFO discover_sources: tailwindcss_oxide::scanner: Reading "/Users/olya/Documents/next/course-platform/src/services/clerk.ts"
2026-05-01T16:55:26.747638Z  INFO discover_sources: tailwindcss_oxide::scanner: exit
2026-05-01T16:55:26.747644Z  INFO extract_candidates: tailwindcss_oxide::scanner: enter
2026-05-01T16:55:26.747707Z  INFO extract_candidates:parse_all_blobs: tailwindcss_oxide::scanner: enter
2026-05-01T16:55:26.747720Z  INFO extract_candidates:parse_all_blobs:extract: tailwindcss_oxide::scanner: enter
2026-05-01T16:55:26.747820Z  INFO extract_candidates:parse_all_blobs:extract: tailwindcss_oxide::scanner: exit
2026-05-01T16:55:26.747826Z  INFO extract_candidates:parse_all_blobs: tailwindcss_oxide::scanner: exit
2026-05-01T16:55:26.747842Z  INFO extract_candidates: tailwindcss_oxide::scanner: exit
2026-05-01T16:55:26.748064Z  INFO get_files: tailwindcss_oxide::scanner: enter
2026-05-01T16:55:26.748069Z  INFO get_files:discover_sources: tailwindcss_oxide::scanner: enter
2026-05-01T16:55:26.748072Z  INFO get_files:discover_sources: tailwindcss_oxide::scanner: exit
2026-05-01T16:55:26.748139Z  INFO get_files: tailwindcss_oxide::scanner: exit
2026-05-01T16:55:26.748243Z  INFO get_globs: tailwindcss_oxide::scanner: enter
2026-05-01T16:55:26.748247Z  INFO get_globs: tailwindcss_oxide::scanner: exit
2026-05-01T16:55:26.848415Z  INFO discover_sources: tailwindcss_oxide::scanner: enter
2026-05-01T16:55:26.848450Z  INFO discover_sources:walk_parallel: tailwindcss_oxide::scanner: enter
2026-05-01T16:55:26.851747Z  INFO discover_sources:walk_parallel: tailwindcss_oxide::scanner: exit
2026-05-01T16:55:26.852252Z  INFO discover_sources: tailwindcss_oxide::scanner: exit
2026-05-01T16:55:26.852273Z  INFO extract_candidates: tailwindcss_oxide::scanner: enter
2026-05-01T16:55:26.852277Z  INFO extract_candidates:parse_all_blobs: tailwindcss_oxide::scanner: enter
2026-05-01T16:55:26.852281Z  INFO extract_candidates:parse_all_blobs:extract: tailwindcss_oxide::scanner: enter
2026-05-01T16:55:26.852285Z  INFO extract_candidates:parse_all_blobs:extract: tailwindcss_oxide::scanner: exit
2026-05-01T16:55:26.852288Z  INFO extract_candidates:parse_all_blobs: tailwindcss_oxide::scanner: exit
2026-05-01T16:55:26.852298Z  INFO extract_candidates: tailwindcss_oxide::scanner: exit
2026-05-01T16:55:26.852434Z  INFO get_files: tailwindcss_oxide::scanner: enter
2026-05-01T16:55:26.852441Z  INFO get_files:discover_sources: tailwindcss_oxide::scanner: enter
2026-05-01T16:55:26.852444Z  INFO get_files:discover_sources: tailwindcss_oxide::scanner: exit
2026-05-01T16:55:26.852529Z  INFO get_files: tailwindcss_oxide::scanner: exit
2026-05-01T16:55:26.852640Z  INFO get_globs: tailwindcss_oxide::scanner: enter
2026-05-01T16:55:26.852645Z  INFO get_globs: tailwindcss_oxide::scanner: exit
2026-05-01T16:59:58.089700Z  INFO discover_sources: tailwindcss_oxide::scanner: enter
2026-05-01T16:59:58.089736Z  INFO discover_sources:walk_parallel: tailwindcss_oxide::scanner: enter
2026-05-01T16:59:58.094448Z  INFO discover_sources:walk_parallel: tailwindcss_oxide::scanner: exit
2026-05-01T16:59:58.094677Z  INFO discover_sources: tailwindcss_oxide::scanner: Reading "/Users/olya/Documents/next/course-platform/src/app/api/webhooks/clerk/route.ts"
2026-05-01T16:59:58.094688Z  INFO discover_sources: tailwindcss_oxide::scanner: exit
2026-05-01T16:59:58.094692Z  INFO extract_candidates: tailwindcss_oxide::scanner: enter
2026-05-01T16:59:58.094706Z  INFO extract_candidates:parse_all_blobs: tailwindcss_oxide::scanner: enter
2026-05-01T16:59:58.094709Z  INFO extract_candidates:parse_all_blobs:extract: tailwindcss_oxide::scanner: enter
2026-05-01T16:59:58.094798Z  INFO extract_candidates:parse_all_blobs:extract: tailwindcss_oxide::scanner: exit
2026-05-01T16:59:58.094808Z  INFO extract_candidates:parse_all_blobs: tailwindcss_oxide::scanner: exit
2026-05-01T16:59:58.094828Z  INFO extract_candidates: tailwindcss_oxide::scanner: exit
2026-05-01T16:59:58.094927Z  INFO get_files: tailwindcss_oxide::scanner: enter
2026-05-01T16:59:58.094931Z  INFO get_files:discover_sources: tailwindcss_oxide::scanner: enter
2026-05-01T16:59:58.094933Z  INFO get_files:discover_sources: tailwindcss_oxide::scanner: exit
2026-05-01T16:59:58.094987Z  INFO get_files: tailwindcss_oxide::scanner: exit
2026-05-01T16:59:58.095087Z  INFO get_globs: tailwindcss_oxide::scanner: enter
2026-05-01T16:59:58.095090Z  INFO get_globs: tailwindcss_oxide::scanner: exit
